alias:
